[backblue.gif]
[fade.gif]
[index.html]
[media.discordapp.net/attachments/1045789633918808167/1045790343884443749/unknown.png]
[www.playtonicgames.com/wp/wp-includes/css/classic-themes.min68b3.css]
[www.playtonicgames.com/app/plugins/webtoffee-gdpr-cookie-consent/public/css/cookie-law-info-public7e78.css]
[www.playtonicgames.com/app/plugins/webtoffee-gdpr-cookie-consent/public/css/cookie-law-info-gdpr7e78.css]
[www.playtonicgames.com/app/themes/sozo/public/css/app-6b1cpr6a4d.css]
[scripts.sirv.com/sirvjs/v3/sirv6a4d.js]
[www.playtonicgames.com/wp/wp-includes/js/jquery/jquery.mina7a0.js]
[www.playtonicgames.com/app/plugins/webtoffee-gdpr-cookie-consent/public/js/cookie-law-info-public7e78.js]
[use.typekit.net/vkq2rvl.css]
[connect.facebook.net/en_US/fbevents.js]
[www.google-analytics.com/analytics.js]
[www.playtonicgames.com/app/plugins/webtoffee-gdpr-cookie-consent/public/css/cookie-law-info-table7e78.css]
[www.playtonicgames.com/app/plugins/perfmatters/vendor/instant-page/instantpage6734.js]
[thunderbirdoni.com/index.html]
[cdn.onesignal.com/sdks/OneSignalSDK6a4d.js]
[www.playtonicgames.com/app/themes/sozo/public/js/app-6b1cpr.js]
[www.playtonicgames.com/wp/wp-includes/css/classic-themes.min68b3.css]
[www.playtonicgames.com/app/plugins/webtoffee-gdpr-cookie-consent/public/css/cookie-law-info-public7e78.css]
[www.playtonicgames.com/app/plugins/webtoffee-gdpr-cookie-consent/public/css/cookie-law-info-gdpr7e78.css]
[www.playtonicgames.com/app/themes/sozo/public/css/app-6b1cpr6a4d.css]
[thunderbirdoni.com/OneSignalSDKUpdaterWorker.html]
[thunderbirdoni.com/OneSignalSDKWorker.html]
[thunderbirdoni.com/apple-touch-icon.html]
[thunderbirdoni.com/favicon-32x32.html]
[thunderbirdoni.com/favicon-16x16.html]
[thunderbirdoni.com/site.html]
[thunderbirdoni.com/safari-pinned-tab.html]
[use.typekit.net/af/5265b3/00000000000000007735affc/30/l3eab]
[use.typekit.net/af/5265b3/00000000000000007735affc/30/d3eab]
[use.typekit.net/af/5265b3/00000000000000007735affc/30/a3eab]
[use.typekit.net/af/efb4b1/00000000000000007735c420/30/l3eab]
[use.typekit.net/af/efb4b1/00000000000000007735c420/30/d3eab]
[use.typekit.net/af/efb4b1/00000000000000007735c420/30/a3eab]
[use.typekit.net/af/435145/00000000000000007735c428/30/le196]
[use.typekit.net/af/435145/00000000000000007735c428/30/de196]
[use.typekit.net/af/435145/00000000000000007735c428/30/ae196]
[use.typekit.net/af/6727e5/00000000000000007735c42c/30/l5bba]
[use.typekit.net/af/6727e5/00000000000000007735c42c/30/d5bba]
[use.typekit.net/af/6727e5/00000000000000007735c42c/30/a5bba]
[use.typekit.net/af/bb5c38/00000000000000007735c433/30/l652f]
[use.typekit.net/af/bb5c38/00000000000000007735c433/30/d652f]
[use.typekit.net/af/bb5c38/00000000000000007735c433/30/a652f]
[use.typekit.net/af/cb3d34/00000000000000007735cc39/30/l1f8b]
[use.typekit.net/af/cb3d34/00000000000000007735cc39/30/d1f8b]
[use.typekit.net/vkq2rvl.css]
[use.typekit.net/af/cb3d34/00000000000000007735cc39/30/a1f8b]
[connect.facebook.net/en_US/fbevents.js]
[www.playtonicgames.com/app/plugins/webtoffee-gdpr-cookie-consent/public/css/cookie-law-info-table7e78.css]
[p.typekit.net/p2f8a.css]
[thunderbirdoni.com/c.html]
[thunderbirdoni.com/b.html]
[thunderbirdoni.com/POST.html]
[gc.kes.v2.scr.kaspersky-labs.com/7EA5E9BB-55E1-4C31-9C21-4943DDFED2E4/main5066.js]
